Microsoft Windows [Version 10.0.26100.4946]
(c) Microsoft Corporation. All rights reserved.

C:\database\pgAdmin 4\runtime>"C:\database\pgAdmin 4\runtime\psql.exe" "host=localhost port=5432 dbname=po
stgres user=postgres sslmode=prefer connect_timeout=10" 2>>&1
psql (17.6)
WARNING: Console code page (437) differs from Windows code page (1252)
         8-bit characters might not work correctly. See psql reference
         page "Notes for Windows users" for details.
Type "help" for help.

postgres=# \c ermek
You are now connected to database "ermek" as user "postgres".
ermek=#
ermek=# \c postgres
You are now connected to database "postgres" as user "postgres".
postgres=# DROP DATABASE ermek;
ERROR:  character with byte sequence 0xd0 0x9e in encoding "UTF8" has no equivalent in encoding "WIN1252"
postgres=#
postgres=# \c ermek
You are now connected to database "ermek" as user "postgres".
ermek=# DROP DATABASE ermek;
ERROR:  character with byte sequence 0xd0 0x9e in encoding "UTF8" has no equivalent in encoding "WIN1252"
ermek=# \c postgres
You are now connected to database "postgres" as user "postgres".
postgres=# DROP DATABASE ermek;
ERROR:  character with byte sequence 0xd0 0x9e in encoding "UTF8" has no equivalent in encoding "WIN1252"
postgres=# DROP DATABASE IF EXISTS ermek;
ERROR:  character with byte sequence 0xd0 0x9e in encoding "UTF8" has no equivalent in encoding "WIN1252"
postgres=#
postgres=# \c ermek
connection to server at "localhost" (::1), port 5432 failed: FATAL:  database "ermek" does not exist
Previous connection kept
postgres=# CREATE DATABASE ermek;
CREATE DATABASE
postgres=#
postgres=# \c ermek
You are now connected to database "ermek" as user "postgres".
ermek=# \c postgres
You are now connected to database "postgres" as user "postgres".
postgres=#
